// Jest Snapshot v1, https://goo.gl/fbAQLP

exports[`html should render corecttly! checks for html changes in GetWeather 1`] = `
<Redirect
  to="/login"
/>
`;

exports[`html should render corecttly! checks for html changes in Weather 1`] = `
<div
  className="weather__info"
/>
`;

exports[`html should render corecttly! checks for html changes in WeatherForm 1`] = `
<form>
  <input
    name="city"
    placeholder="City..."
    type="text"
    value=""
  />
  <input
    name="country"
    placeholder="Country..."
    type="text"
    value="bg"
  />
  <button>
    Get Weather
  </button>
</form>
`;
